<html>
<body>
<pre>
<h1>µVision Build Log</h1>
<h2>Project:</h2>
C:\LPC2148 Demo Program\8 LED (Shifting)\program.uvproj
Project File Date:  05/11/2025

<h2>Output:</h2>
Rebuild target 'Target 1'
assembling Startup.s...
compiling program.c...
program.c(3): warning:  #1295-D: Deprecated declaration delay - give arg types
  void delay();
program.c(20): warning:  #1-D: last line of file ends without a newline
  for(i=0;i<20000;i++);}
program.c: 2 warnings, 0 errors
linking...
Program Size: Code=608 RO-data=16 RW-data=0 ZI-data=1256  
FromELF: creating hex file...
".\program.axf" - 0 Error(s), 2 Warning(s).
</pre>
</body>
</html>
newline
  for(i=0;i<20000;i++);}
program.c: 4 warnings, 0 errors
linking...
Program Size: Code=540 RO-data=16 RW-data=0 ZI-data=1256  
FromELF: creating hex file...
".\program.axf" - 0 Error(s), 4 Warning(s).
