<html>
<body>
<pre>
<h1>µVision Build Log</h1>
<h2>Project:</h2>
C:\LPC2148 Demo Program\7 seg CA(0 to 9)\program.uvproj
Project File Date:  05/06/2025

<h2>Output:</h2>
Rebuild target 'Target 1'
assembling Startup.s...
compiling program.c...
program.c(3): warning:  #1295-D: Deprecated declaration delay - give arg types
   void delay();
program.c: 1 warning, 0 errors
linking...
Program Size: Code=636 RO-data=32 RW-data=16 ZI-data=1256  
FromELF: creating hex file...
".\program.axf" - 0 Error(s), 1 Warning(s).
</pre>
</body>
</html>
