<html>
<body>
<pre>
<h1>µVision Build Log</h1>
<h2>Project:</h2>
C:\LPC2148 Demo Program\LED Blink\program.uvproj
Project File Date:  05/05/2025

<h2>Output:</h2>
Rebuild target 'Target 1'
assembling Startup.s...
compiling program.c...
program.c(2): warning:  #1295-D: Deprecated declaration delay - give arg types
  void delay();
program.c(4): warning:  #951-D: return type of function "main" must be "int"
  void main(){
program.c: 2 warnings, 0 errors
linking...
Program Size: Code=524 RO-data=16 RW-data=0 ZI-data=1256  
FromELF: creating hex file...
".\program.axf" - 0 Error(s), 2 Warning(s).
