<html>
<body>
<pre>
<h1>µVision Build Log</h1>
<h2>Project:</h2>
C:\LPC2148 Demo Program\LCD 16x2 (8 bit)\program.uvproj
Project File Date:  05/06/2025

<h2>Output:</h2>
Build target 'Target 1'
linking...
Program Size: Code=864 RO-data=16 RW-data=0 ZI-data=1256  
FromELF: creating hex file...
".\program.axf" - 0 Error(s), 0 Warning(s).
</pre>
</body>
</html>
1-D: last line of file ends without a newline
  for (i=0;i<20000;i++);}
program.c: 2 warnings, 0 errors
linking...
Program Size: Code=864 RO-data=16 RW-data=0 ZI-data=1256  
FromELF: creating hex file...
".\program.axf" - 0 Error(s), 2 Warning(s).
am.c: 2 warnings, 2 errors
".\program.axf" - 2 Error(s), 2 Warning(s).
Target not created
 warnings, 0 errors
linking...
Program Size: Code=788 RO-data=16 RW-data=0 ZI-data=1256  
FromELF: creating hex file...
".\program.axf" - 0 Error(s), 5 Warning(s).
0;i<200000;i++);}
program.c: 3 warnings, 5 errors
".\program.axf" - 5 Error(s), 3 Warning(s).
Target not created
Warning(s).
Target not created
    EN=0;}
program.c(30): error:  #137: expression must be a modifiable lvalue
      DATA=dat;
program.c(31): error:  #137: expression must be a modifiable lvalue
      RS=1;
program.c(32): error:  #137: expression must be a modifiable lvalue
      RW=0;
program.c(34): error:  #137: expression must be a modifiable lvalue
      EN=1;
program.c(35): error:  #137: expression must be a modifiable lvalue
      EN=0;}
program.c(44): warning:  #1-D: last line of file ends without a newline
  for (i=0;i<200000;i++);}
program.c: 3 warnings, 13 errors
".\program.axf" - 13 Error(s), 3 Warning(s).
Target not created
