<html>
<body>
<pre>
<h1>µVision Build Log</h1>
<h2>Project:</h2>
C:\LPC2148 Demo Program\8 LED Blink (Alter)\program.uvproj
Project File Date:  05/06/2025

<h2>Output:</h2>
Build target 'Target 1'
linking...
Program Size: Code=540 RO-data=16 RW-data=0 ZI-data=1256  
FromELF: creating hex file...
".\program.axf" - 0 Error(s), 0 Warning(s).
</pre>
</body>
</html>
on "main" must be "int"
  void main(){
program.c: 2 warnings, 0 errors
linking...
Program Size: Code=540 RO-data=16 RW-data=0 ZI-data=1256  
FromELF: creating hex file...
".\program.axf" - 0 Error(s), 2 Warning(s).
0 Error(s), 2 Warning(s).
pe of function "main" must be "int"
  void main(){
program.c(3): warning:  #1-D: last line of file ends without a newline
        
program.c(3): error: At end of source:  #67: expected a "}"
program.c: 2 warnings, 1 error
"program.c" - 1 Error(s), 2 Warning(s).
