<html>
<body>
<pre>
<h1>µVision Build Log</h1>
<h2>Project:</h2>
C:\LPC2148 Demo Program\8 LED Blink (Binary order)\program.uvproj
Project File Date:  05/06/2025

<h2>Output:</h2>
Build target 'Target 1'
linking...
Program Size: Code=516 RO-data=16 RW-data=0 ZI-data=1256  
FromELF: creating hex file...
".\program.axf" - 0 Error(s), 0 Warning(s).
</pre>
</body>
</html>
on "main" must be "int"
  void main(){
program.c: 2 warnings, 0 errors
linking...
Program Size: Code=516 RO-data=16 RW-data=0 ZI-data=1256  
FromELF: creating hex file...
".\program.axf" - 0 Error(s), 2 Warning(s).
0 Error(s), 2 Warning(s).
s
".\program.axf" - 2 Error(s), 2 Warning(s).
Target not created
              IOSET=count;
program.c: 2 warnings, 3 errors
".\program.axf" - 3 Error(s), 2 Warning(s).
Target not created
