<html>
<body>
<pre>
<h1>µVision Build Log</h1>
<h2>Project:</h2>
C:\LPC2148 Demo Program\Stepper with Keypad\program.uvproj
Project File Date:  05/07/2025

<h2>Output:</h2>
Rebuild target 'Target 1'
assembling Startup.s...
compiling program.c...
program.c(10): warning:  #1295-D: Deprecated declaration delay - give arg types
  void delay();
program.c(11): warning:  #1295-D: Deprecated declaration halfwave - give arg types
  void halfwave();
program.c(12): warning:  #1295-D: Deprecated declaration fullwave - give arg types
  void fullwave();
program.c(13): warning:  #1295-D: Deprecated declaration wave - give arg types
  void wave();
program.c(59): warning:  #1-D: last line of file ends without a newline
    delay();}}
program.c: 5 warnings, 0 errors
linking...
Program Size: Code=1012 RO-data=44 RW-data=0 ZI-data=1256  
FromELF: creating hex file...
".\program.axf" - 0 Error(s), 5 Warning(s).
</pre>
</body>
</html>
