<html>
<body>
<pre>
<h1>µVision Build Log</h1>
<h2>Project:</h2>
C:\LPC2148 Demo Program\Keypad (4x3) using LCD(16x2) Num print\program.uvproj
Project File Date:  05/06/2025

<h2>Output:</h2>
Rebuild target 'Target 1'
assembling Startup.s...
compiling program.c...
program.c(16): warning:  #1295-D: Deprecated declaration delay - give arg types
  void delay();
program.c(98): warning:  #1-D: last line of file ends without a newline
  for(i=0;i<20000;i++);}
program.c: 2 warnings, 0 errors
linking...
Program Size: Code=1452 RO-data=16 RW-data=0 ZI-data=1256  
FromELF: creating hex file...
".\program.axf" - 0 Error(s), 2 Warning(s).
</pre>
</body>
</html>
LF: creating hex file...
".\program.axf" - 0 Error(s), 3 Warning(s).
last line of file ends without a newline
  for(i=0;i<20000;i++);}
program.c(95): warning: At end of source:  #12-D: parsing restarts here after previous syntax error
program.c(95): error: At end of source:  #67: expected a "}"
program.c(95): error: At end of source:  #67: expected a "}"
program.c: 4 warnings, 5 errors
".\program.axf" - 5 Error(s), 4 Warning(s).
Target not created

