<html>
<body>
<pre>
<h1>µVision Build Log</h1>
<h2>Project:</h2>
C:\LPC2148 Demo Program\7 seg CC(0 to 9)\program.uvproj
Project File Date:  05/06/2025

<h2>Output:</h2>
Rebuild target 'Target 1'
assembling Startup.s...
compiling program.c...
program.c(2): warning:  #1295-D: Deprecated declaration delay - give arg types
   void delay();
program.c(4): warning:  #951-D: return type of function "main" must be "int"
   void main(){
program.c: 2 warnings, 0 errors
linking...
Program Size: Code=596 RO-data=32 RW-data=12 ZI-data=1260  
FromELF: creating hex file...
".\program.axf" - 0 Error(s), 2 Warning(s).
</pre>
</body>
</html>
ough information to list image symbols.
Finished: 1 information, 0 warning and 1 error messages.
".\program.axf" - 1 Error(s), 3 Warning(s).
Target not created
.c: 3 warnings, 3 errors
".\program.axf" - 3 Error(s), 3 Warning(s).
Target not created
